# Boot automatically after 30 secs.
timeout 10

# By default, boot the first entry.
default 0

# Fallback to the second entry.
fallback 1

# use LBA
lba32

# Splashimage, provides a nice image for the background
splashimage  (hd0,0)/boot/grub/images/smgl-splash.xpm.gz

# defines menu foreground/background, highlight foreground/background
color  black/light-gray white/red

title Source Mage GNU/Linux
kernel (hd0,0)/boot/vmlinuz root=/dev/hda1 ro


##############################################################################
# some examples
# how to boot windows
#############################
# title Windows XP
# root noverify (hd0,0)
# makeactive
# chainloader +1
#############################

### VGA values
# you can use these (at your own risk) as possible vga=xxx values to pass to the
# kernel
#                 640x480 800x600 1024x768 1280x1024 1600x1200
# ---------------+-------+-------+--------+---------+---------
# 256 (8 bit)    |  769     771     773       775       796
# 32,768 (15 bit)|  784     787     790       793       797
# 65,536 (16 bit)|  785     788     791       794       798
# 16.8M (24 bit) |  786     789     792       795       799
###

# A remember last boot example
# the savedefault line is the magic one, It'll remember where you were last time
# you booted.
# so when you reboot in windows, it goes back into windows, same for linux.
# not all of these lines may apply to every kernel.
###################################################
# # (0) SMGL Linux
# title  SMGL Linux
# root   (hd0,4)
# kernel /vmlinuz root=/dev/sda6 ro noapic vga=0x318 quiet
# initrd /kernel.img
# savedefault

# # (1) Windows XP
# title Windows XP
# rootnoverify (hd0,0)
# makeactive
# chainloader +1
# savedefault

